// Jest Snapshot v1, https://goo.gl/fbAQLP

exports[`Header component Renders correctly 1`] = `
<View
  style={
    {
      "alignItems": "center",
      "flexDirection": "row",
      "justifyContent": "space-between",
      "padding": 20,
      "width": "100%",
    }
  }
>
  <View
    style={
      {
        "alignItems": "center",
        "flexDirection": "row",
      }
    }
  >
    <svg />
  </View>
</View>
`;
