// Jest Snapshot v1, https://goo.gl/fbAQLP

exports[`FilesItem component Renders correctly 1`] = `
<View
  accessibilityState={
    {
      "busy": undefined,
      "checked": undefined,
      "disabled": undefined,
      "expanded": undefined,
      "selected": undefined,
    }
  }
  accessibilityValue={
    {
      "max": undefined,
      "min": undefined,
      "now": undefined,
      "text": undefined,
    }
  }
  accessible={true}
  collapsable={false}
  focusable={true}
  onClick={[Function]}
  onResponderGrant={[Function]}
  onResponderMove={[Function]}
  onResponderRelease={[Function]}
  onResponderTerminate={[Function]}
  onResponderTerminationRequest={[Function]}
  onStartShouldSetResponder={[Function]}
  style={
    {
      "borderTopColor": "#FFFFFF",
      "borderTopWidth": 0,
      "flex": 1,
      "flexDirection": "row",
      "gap": 10,
      "opacity": 1,
      "padding": 15,
      "width": "100%",
    }
  }
  testID="files-item"
>
  <svg
    height={20}
    testID="files-item-folder-icon"
    width={20}
  />
  <Text
    style={
      [
        {
          "color": "#FFFFFF",
        },
        undefined,
        {
          "fontSize": 16,
          "fontWeight": "400",
        },
      ]
    }
  >
    .ci
  </Text>
</View>
`;
