// Jest Snapshot v1, https://goo.gl/fbAQLP

exports[`GridItem component Renders correctly 1`] = `
<View
  accessibilityState={
    {
      "busy": undefined,
      "checked": undefined,
      "disabled": undefined,
      "expanded": undefined,
      "selected": undefined,
    }
  }
  accessibilityValue={
    {
      "max": undefined,
      "min": undefined,
      "now": undefined,
      "text": undefined,
    }
  }
  accessible={true}
  collapsable={false}
  focusable={true}
  onClick={[Function]}
  onResponderGrant={[Function]}
  onResponderMove={[Function]}
  onResponderRelease={[Function]}
  onResponderTerminate={[Function]}
  onResponderTerminationRequest={[Function]}
  onStartShouldSetResponder={[Function]}
  style={
    {
      "borderColor": "#FFFFFF",
      "borderRadius": 20,
      "borderWidth": 1,
      "flex": 1,
      "gap": 10,
      "maxWidth": 350,
      "opacity": 1,
      "padding": 15,
    }
  }
  testID="grid-item"
>
  <View
    style={
      {
        "alignItems": "center",
        "flexDirection": "row",
        "gap": 5,
      }
    }
  >
    <ViewManagerAdapter_ExpoImage
      borderRadius={5}
      containerViewRef={"[React.ref]"}
      contentFit="cover"
      contentPosition={
        {
          "left": "50%",
          "top": "50%",
        }
      }
      height={20}
      nativeViewRef={"[React.ref]"}
      onError={[Function]}
      onLoad={[Function]}
      onLoadStart={[Function]}
      onProgress={[Function]}
      placeholder={[]}
      source={
        [
          {
            "uri": "https://avatars.githubusercontent.com/u/98968122?v=4",
          },
        ]
      }
      style={
        {
          "borderRadius": 5,
          "height": 20,
          "width": 20,
        }
      }
      transition={null}
      width={20}
    />
    <Text
      size="small"
      style={
        [
          {
            "color": "#FFFFFF",
          },
          undefined,
          {
            "fontSize": 12,
            "fontWeight": "400",
          },
        ]
      }
    >
      perawallet
    </Text>
  </View>
  <Text
    style={
      [
        {
          "color": "#FFFFFF",
        },
        undefined,
        {
          "fontSize": 16,
          "fontWeight": "700",
        },
      ]
    }
    weight="bold"
  >
    pera-wallet
  </Text>
  <Text
    numberOfLines={3}
    size="small"
    style={
      [
        {
          "color": "#FFFFFF",
        },
        {
          "flex": 1,
        },
        {
          "fontSize": 12,
          "fontWeight": "400",
        },
      ]
    }
  >
    Source code for Pera Wallet, simply the best Algorand wallet.
  </Text>
  <View
    style={
      {
        "alignItems": "center",
        "flexDirection": "row",
        "gap": 10,
      }
    }
  >
    <View
      style={
        {
          "backgroundColor": "#ffffff22",
          "borderRadius": 20,
          "paddingHorizontal": 10,
          "paddingVertical": 5,
        }
      }
    >
      <Text
        size="small"
        style={
          [
            {
              "color": "#FFFFFF",
            },
            undefined,
            {
              "fontSize": 12,
              "fontWeight": "400",
            },
          ]
        }
      >
        Public
      </Text>
    </View>
    <View
      style={
        {
          "alignItems": "center",
          "flexDirection": "row",
          "gap": 5,
        }
      }
    >
      <View
        style={
          [
            {
              "borderRadius": 5,
              "height": 10,
              "width": 10,
            },
            {
              "backgroundColor": "#F05138",
            },
          ]
        }
      />
      <Text
        size="small"
        style={
          [
            {
              "color": "#FFFFFF",
            },
            undefined,
            {
              "fontSize": 12,
              "fontWeight": "400",
            },
          ]
        }
      >
        Swift
      </Text>
    </View>
  </View>
  <View
    style={
      {
        "alignItems": "center",
        "flexDirection": "row",
        "justifyContent": "space-evenly",
      }
    }
  >
    <View
      style={
        {
          "alignItems": "center",
          "flexDirection": "row",
          "gap": 5,
        }
      }
    >
      <svg />
      <Text
        size="small"
        style={
          [
            {
              "color": "#FFFFFF",
            },
            undefined,
            {
              "fontSize": 12,
              "fontWeight": "400",
            },
          ]
        }
      >
        190
      </Text>
    </View>
    <View
      style={
        {
          "alignItems": "center",
          "flexDirection": "row",
          "gap": 5,
        }
      }
    >
      <svg />
      <Text
        size="small"
        style={
          [
            {
              "color": "#FFFFFF",
            },
            undefined,
            {
              "fontSize": 12,
              "fontWeight": "400",
            },
          ]
        }
      >
        60
      </Text>
    </View>
    <View
      style={
        {
          "alignItems": "center",
          "flexDirection": "row",
          "gap": 5,
        }
      }
    >
      <svg />
      <Text
        size="small"
        style={
          [
            {
              "color": "#FFFFFF",
            },
            undefined,
            {
              "fontSize": 12,
              "fontWeight": "400",
            },
          ]
        }
      >
        22
      </Text>
    </View>
  </View>
</View>
`;
