// Jest Snapshot v1, https://goo.gl/fbAQLP

exports[`FilterItem component Renders correctly 1`] = `
<View
  accessibilityState={
    {
      "busy": undefined,
      "checked": undefined,
      "disabled": undefined,
      "expanded": undefined,
      "selected": undefined,
    }
  }
  accessibilityValue={
    {
      "max": undefined,
      "min": undefined,
      "now": undefined,
      "text": undefined,
    }
  }
  accessible={true}
  collapsable={false}
  focusable={true}
  onClick={[Function]}
  onResponderGrant={[Function]}
  onResponderMove={[Function]}
  onResponderRelease={[Function]}
  onResponderTerminate={[Function]}
  onResponderTerminationRequest={[Function]}
  onStartShouldSetResponder={[Function]}
  style={
    {
      "alignItems": "center",
      "backgroundColor": "#2D2DF1",
      "borderRadius": 20,
      "height": 40,
      "justifyContent": "center",
      "opacity": 1,
      "paddingHorizontal": 20,
    }
  }
  testID="filter-item"
>
  <Text
    style={
      [
        {
          "color": "#FFFFFF",
        },
        undefined,
        {
          "fontSize": 16,
          "fontWeight": "400",
        },
      ]
    }
  >
    Pera Wallet
  </Text>
</View>
`;
